package 'colorspace' successfully unpacked and MD5 sums checked
package 'fracdiff' successfully unpacked and MD5 sums checked
package 'timeDate' successfully unpacked and MD5 sums checked
package 'urca' successfully unpacked and MD5 sums checked
package 'RcppArmadillo' successfully unpacked and MD5 sums checked
package 'rbibutils' successfully unpacked and MD5 sums checked
package 'generics' successfully unpacked and MD5 sums checked
package 'tidyr' successfully unpacked and MD5 sums checked
package 'tidyselect' successfully unpacked and MD5 sums checked
package 'cowplot' successfully unpacked and MD5 sums checked
package 'Deriv' successfully unpacked and MD5 sums checked
package 'forecast' successfully unpacked and MD5 sums checked
package 'modelr' successfully unpacked and MD5 sums checked
package 'microbenchmark' successfully unpacked and MD5 sums checked
package 'Rdpack' successfully unpacked and MD5 sums checked
package 'minqa' successfully unpacked and MD5 sums checked
package 'broom' successfully unpacked and MD5 sums checked
package 'dplyr' successfully unpacked and MD5 sums checked
package 'doBy' successfully unpacked and MD5 sums checked
package 'ltsa' successfully unpacked and MD5 sums checked
package 'TMB' successfully unpacked and MD5 sums checked
package 'lme4' successfully unpacked and MD5 sums checked
package 'numDeriv' successfully unpacked and MD5 sums checked
package 'reformulas' successfully unpacked and MD5 sums checked
package 'pbkrtest' successfully unpacked and MD5 sums checked
package 'sandwich' successfully unpacked and MD5 sums checked
package 'RcppEigen' successfully unpacked and MD5 sums checked
package 'tscount' successfully unpacked and MD5 sums checked
package 'glmmTMB' successfully unpacked and MD5 sums checked

The downloaded binary packages are in
	C:\Users\Tanch\AppData\Local\Temp\RtmpQhqcrF\downloaded_packages
                  mode n_reps n_sims n_per_group fit_max_iter include_tscount
1 extra_baselines_r200    200   1000          50           50            TRUE
  include_nb_glmm tscount_version glmmTMB_version n_cores n_workers     seed
1            TRUE           1.4.3          1.1.14      16        10 20260518
  elapsed_seconds
1        5108.831
Output: D:/UI/MyPackage/antedep/scripts/prediction_poc/output/inad/extra_baselines_r200 
