Installing packages into 'C:/Users/Tanch/AppData/Local/R/win-library/4.5'
(as 'lib' is unspecified)
also installing the dependencies 'colorspace', 'fracdiff', 'timeDate', 'urca', 'RcppArmadillo', 'rbibutils', 'generics', 'tidyr', 'tidyselect', 'cowplot', 'Deriv', 'forecast', 'modelr', 'microbenchmark', 'Rdpack', 'minqa', 'broom', 'dplyr', 'doBy', 'ltsa', 'TMB', 'lme4', 'numDeriv', 'reformulas', 'pbkrtest', 'sandwich', 'RcppEigen'

trying URL 'https://cloud.r-project.org/bin/windows/contrib/4.5/colorspace_2.1-2.zip'
trying URL 'https://cloud.r-project.org/bin/windows/contrib/4.5/fracdiff_1.5-4.zip'
trying URL 'https://cloud.r-project.org/bin/windows/contrib/4.5/timeDate_4052.112.zip'
trying URL 'https://cloud.r-project.org/bin/windows/contrib/4.5/urca_1.3-4.zip'
trying URL 'https://cloud.r-project.org/bin/windows/contrib/4.5/RcppArmadillo_15.2.6-1.zip'
trying URL 'https://cloud.r-project.org/bin/windows/contrib/4.5/rbibutils_2.4.1.zip'
trying URL 'https://cloud.r-project.org/bin/windows/contrib/4.5/generics_0.1.4.zip'
trying URL 'https://cloud.r-project.org/bin/windows/contrib/4.5/tidyr_1.3.2.zip'
trying URL 'https://cloud.r-project.org/bin/windows/contrib/4.5/tidyselect_1.2.1.zip'
trying URL 'https://cloud.r-project.org/bin/windows/contrib/4.5/cowplot_1.2.0.zip'
trying URL 'https://cloud.r-project.org/bin/windows/contrib/4.5/Deriv_4.2.0.zip'
trying URL 'https://cloud.r-project.org/bin/windows/contrib/4.5/forecast_9.0.2.zip'
trying URL 'https://cloud.r-project.org/bin/windows/contrib/4.5/modelr_0.1.11.zip'
trying URL 'https://cloud.r-project.org/bin/windows/contrib/4.5/microbenchmark_1.5.0.zip'
trying URL 'https://cloud.r-project.org/bin/windows/contrib/4.5/Rdpack_2.6.6.zip'
trying URL 'https://cloud.r-project.org/bin/windows/contrib/4.5/minqa_1.2.8.zip'
trying URL 'https://cloud.r-project.org/bin/windows/contrib/4.5/broom_1.0.13.zip'
trying URL 'https://cloud.r-project.org/bin/windows/contrib/4.5/dplyr_1.2.1.zip'
trying URL 'https://cloud.r-project.org/bin/windows/contrib/4.5/doBy_4.7.1.zip'
trying URL 'https://cloud.r-project.org/bin/windows/contrib/4.5/ltsa_1.4.6.1.zip'
trying URL 'https://cloud.r-project.org/bin/windows/contrib/4.5/TMB_1.9.21.zip'
trying URL 'https://cloud.r-project.org/bin/windows/contrib/4.5/lme4_2.0-1.zip'
trying URL 'https://cloud.r-project.org/bin/windows/contrib/4.5/numDeriv_2016.8-1.1.zip'
trying URL 'https://cloud.r-project.org/bin/windows/contrib/4.5/reformulas_0.4.4.zip'
trying URL 'https://cloud.r-project.org/bin/windows/contrib/4.5/pbkrtest_0.5.5.zip'
trying URL 'https://cloud.r-project.org/bin/windows/contrib/4.5/sandwich_3.1-1.zip'
trying URL 'https://cloud.r-project.org/bin/windows/contrib/4.5/RcppEigen_0.3.4.0.2.zip'
trying URL 'https://cloud.r-project.org/bin/windows/contrib/4.5/tscount_1.4.3.zip'
trying URL 'https://cloud.r-project.org/bin/windows/contrib/4.5/glmmTMB_1.1.14.zip'
